(ld):
halt 4
(ld):
insert /lib/crt0.o 
(ld):
insert overtake.o 
(ld):
insert test.o 
(ld):
insert /sphome/gropp/mpich/lib/rs6000/eui/libmpi.a 
(ld):
insert /home/gropp/tools.n/libs/libs/rs6000/libpecommeui.a 
(ld):
insert /home/gropp/tools.n/libs/libs/rs6000/libpetsc.a 
(ld):
insert /home/gropp/tools.n/libs/libs/rs6000/libpecore.a 
(ld):
insert mputil.mp_74925.o 
(ld):
insert /usr/lib/libs.a 
0706-406 IMPORT_FILE: 246 symbols imported.
(ld):
insert /usr/lpp/poe/lib/libvtd.a 
(ld):
insert /usr/lpp/poe/lib/libppe.a 
(ld):
insert /usr/lib/libm.a 
(ld):
insert /usr/lpp/poe/lib/libccl.a 
(ld):
insert /usr/lpp/poe/lib/libeui1c.a 
(ld):
insert /usr/lpp/poe/lib/ip/libcss.a 
0706-406 IMPORT_FILE: 51 symbols imported.
(ld):
insert /usr/lib/libc.a 
0706-406 IMPORT_FILE: 14 symbols imported.
0706-406 IMPORT_FILE: 2629 symbols imported.
0706-406 IMPORT_FILE: 2 symbols imported.
(ld):
resolve
0706-224 WARNING:  Duplicate symbol 'errfile'.
		VT_trrtn.c   from /usr/lpp/poe/lib/libvtd.a[VT_trrtn.o]
	  Replaced by symbol from:
		VT_trint.c   from /usr/lpp/poe/lib/libvtd.a[VT_trint.o]
0706-224 WARNING:  Duplicate symbol 'names'.
		VT_trrtn.c   from /usr/lpp/poe/lib/libvtd.a[VT_trrtn.o]
	  Replaced by symbol from:
		VT_trint.c   from /usr/lpp/poe/lib/libvtd.a[VT_trint.o]
0706-224 WARNING:  Duplicate symbol '.setMessageBuffer'.
		sayMessageX.c from /usr/lpp/poe/lib/libppe.a[sayMessageX.o]
	  Replaced by symbol from:
		sayMessage.c from /usr/lpp/poe/lib/libppe.a[sayMessage.o]
0706-224 WARNING:  Duplicate symbol 'mpl_mess_cat'.
		ccl_util.c   from /usr/lpp/poe/lib/libccl.a[ccl_util.o]
	  Replaced by symbol from:
		ccl.c        from /usr/lpp/poe/lib/libccl.a[ccl.o]
0706-224 WARNING:  Duplicate symbol 'mpl_names'.
		ccl_util.c   from /usr/lpp/poe/lib/libccl.a[ccl_util.o]
	  Replaced by symbol from:
		ccl.c        from /usr/lpp/poe/lib/libccl.a[ccl.o]
0706-224 WARNING:  Duplicate symbol 'mpl_mess_cat'.
		mp_ccl.c     from /usr/lpp/poe/lib/libccl.a[mp_ccl.o]
	  Replaced by symbol from:
		ccl.c        from /usr/lpp/poe/lib/libccl.a[ccl.o]
0706-224 WARNING:  Duplicate symbol 'mpl_names'.
		mp_ccl.c     from /usr/lpp/poe/lib/libccl.a[mp_ccl.o]
	  Replaced by symbol from:
		ccl.c        from /usr/lpp/poe/lib/libccl.a[ccl.o]
0706-224 WARNING:  Duplicate symbol 'mpl_mess_cat'.
		mp.c         from /usr/lpp/poe/lib/libeui1c.a[mp.o]
	  Replaced by symbol from:
		ccl.c        from /usr/lpp/poe/lib/libccl.a[ccl.o]
0706-224 WARNING:  Duplicate symbol 'mpl_names'.
		mp.c         from /usr/lpp/poe/lib/libeui1c.a[mp.o]
	  Replaced by symbol from:
		ccl.c        from /usr/lpp/poe/lib/libccl.a[ccl.o]
0706-224 WARNING:  Duplicate symbol 'mpl_mess_cat'.
		mpl_css.c    from /usr/lpp/poe/lib/libeui1c.a[mpl_css.o]
	  Replaced by symbol from:
		ccl.c        from /usr/lpp/poe/lib/libccl.a[ccl.o]
0706-224 WARNING:  Duplicate symbol 'mpl_names'.
		mpl_css.c    from /usr/lpp/poe/lib/libeui1c.a[mpl_css.o]
	  Replaced by symbol from:
		ccl.c        from /usr/lpp/poe/lib/libccl.a[ccl.o]
0706-224 WARNING:  Duplicate symbol 'mpl_mess_cat'.
		pm_util.c    from /usr/lpp/poe/lib/libeui1c.a[pm_util.o]
	  Replaced by symbol from:
		ccl.c        from /usr/lpp/poe/lib/libccl.a[ccl.o]
0706-224 WARNING:  Duplicate symbol 'mpl_names'.
		pm_util.c    from /usr/lpp/poe/lib/libeui1c.a[pm_util.o]
	  Replaced by symbol from:
		ccl.c        from /usr/lpp/poe/lib/libccl.a[ccl.o]
0706-224 WARNING:  Duplicate symbol '.logb'.
		*NO TAG*     from /usr/lib/libc.a[logb.o] 
	  Replaced by symbol from:
		*NO TAG*     from /usr/lib/libm.a[logb.o] 
0706-224 WARNING:  Duplicate symbol '.scalb'.
		scalb.c      from /usr/lib/libc.a[scalb.o]
	  Replaced by symbol from:
		scalb.c      from /usr/lib/libm.a[scalb.o]
0706-224 WARNING:  Duplicate symbol '.finite'.
		*NO TAG*     from /usr/lib/libc.a[finite.o]
	  Replaced by symbol from:
		*NO TAG*     from /usr/lib/libm.a[finite.o]
0706-196 RESOLVE:  Kept 10020 of 14230 symbols.
(ld):
entry mp_main
0706-472 ENTRY:  Entry point set to mp_main
(ld):
gc
0706-188 Number of symbols garbage collected: 8121 of 10020
(ld):
comprld
0706-180 COMPRLD: Kept 6102 of 6102 relocation entries.
(ld):
mismatch
0706-294 No type mismatches detected.
(ld):
er full
0706-317 ERROR: Unresolved or undefined symbols detected:
		 Symbols in error (followed by references) are
		 dumped to the load map.
		 The -bloadmap:<filename> option will create a load map.
0706-290 The following symbols were left unresolved:




0706-350 Name		Address  Type Stg Information Filename Hash Value	 Imp/Exp/Ent
     [72].MPID_check_incoming00007942  ER  PR              chsend.c     from /sphome/gropp/mpich/lib/rs6000/eui/libmpi.a[chsend.o]  

         [73]<.MPID_SetSendDebugFlag> 00007E8E  AL.26(     [72].MPID_check_incoming)chsend.c     from /sphome/gropp/mpich/lib/rs6000/eui/libmpi.a[chsend.o]
         [73]<.MPID_SetSendDebugFlag> 00007EAE  AL.26(     [72].MPID_check_incoming)chsend.c     from /sphome/gropp/mpich/lib/rs6000/eui/libmpi.a[chsend.o]
0706-120 The return code is 8
